opencode run -m opencode-go/muse-spark-1.3-contributor --variant xhigh --dir /home/ben/worktrees/beads/w6_bd-parent-echo You are a Builder agent. Implement the plan in work/w6_bd-parent-echo/plan_v6.md.

**Worker contract:** you were dispatched into this item's worktree — /home/ben/worktrees/beads/w6_bd-parent-echo is that worktree. Read and edit this repo only through it; `~/projects/` paths are for OTHER repos. Commit by pathspec on the work branch. Done = commit + report, then stop. wt-new / wt-merge / wt-janitor belong to your dispatcher — never run them.

## Setup
1. Read `work/w6_bd-parent-echo/plan_v6.md` completely. It is the approved execution spec: implement Phase 1, Phase 2 and Phase 3 exactly as its Changes tables specify.
2. Read CODEMAP.md and context/INDEX.md for project context; prior wN items → context/WORK_INDEX.md
3. Read the Verification section of `~/projects/shared-docs/skills/work/WORK.md`.
4. Repo rules: use `bd --no-daemon` in this worktree. Do not run `bd hooks install`. Do not commit `.beads/issues.jsonl`.

## Workflow
1. Implement the task following ~/projects/shared-docs/CODING_PRINCIPLES.md:
   - YAGNI: Only what's requested
   - No placeholders (TODO, pass, ...)
2. The plan's three phases are one atomic change (removing `GetNextChildID` from the Storage interface breaks compilation until every caller moves). Use the per-phase gates as your own checkpoints:
   - Phase 1 gate: `go build ./... && go vet ./...` clean; `go test ./... -short` passes
   - Phase 2 gate: `go test ./... -short` passes
   - Phase 3 gate: the plan's Ship Gate table passes; `bd version --json` from `~/.local/bin/bd` reports the merged commit
3. Phase 3 deploy caveat: the fleet binary at `~/.local/libexec/bd-real` must be rebuilt with the exact ldflags command in the plan's Phase 3 deploy row. Ship gate 10 compares `bd version --json`'s commit against `git rev-parse HEAD`, so run the deploy AFTER your final commit, then re-run gate 10. If HEAD moves again (a follow-up commit), redeploy.
4. Select checks and handle failures under WORK.md Verification.
5. Fix introduced defects and existing blockers to the requested outcome. Report unrelated failures; if a required gate remains blocked, record that blocker.
6. Acceptance: the plan's Ship Gate table (13 requirements, ids 1-13 with 3a) and its `bash gate=N` blocks are the acceptance criteria. Execute every block in order, capture stdout+stderr into `work/w6_bd-parent-echo/builds/gateN.log`, and give each requirement a fresh Pass/Fail against the Expected column.
7. Write `work/w6_bd-parent-echo/builds/build.md` using this format:
   ```markdown
   # Build: work/w6_bd-parent-echo/plan_v6.md
   ## Acceptance
   | Criterion | Command | Log | Pass |
   |-----------|---------|-----|------|
   | {what} | {command run} | [gate{N}.log](gate{N}.log) | Y/N/PENDING |
   Pass: Y = proved by fresh or valid reused evidence. N = criterion failed; explain its cause. PENDING = needs user action (include the command). PENDING rows put `N/A (not run)` in the Log cell.
   For each reused result, name the tested revision and why it remains valid. Label it reused. Record unrelated failures and mandatory gate blockers separately.
   ## Pending User Verification
   {List each PENDING criterion with the exact command the user must run. Omit section if none.}
   ## Tests
   {go test summary — pass count, any failures fixed}
   ```
8. Stage changed files by name (`git add <file> ...`) and commit: `git commit -m "<msg>" -- <files>`.

## Plan Divergence

If you discover the plan's specified approach won't work during implementation:
- If switching to an alternative is judged safe (same scope, no data risk): switch and document the divergence and your reasoning in the build report.
- If the alternative is unsafe or you're unsure: stop and write a build report with:
  - **What failed:** the plan's approach and why it doesn't work
  - **Evidence:** error output, code that contradicts the plan's assumption
  - **Options:** alternative approaches you considered, with tradeoffs
  Then exit without committing.

## Exit Conditions
- SUCCESS: Required checks pass, build report written, changes committed. PENDING user criteria are fine — commit anyway; they do not prove delivery is complete.
- FAILURE: Requested behavior or a required check remains unproved. Write the build report with the failure or gate blocker; exit without claiming success. An unrelated test failure alone does not prove the implementation is wrong.
- NEVER run `git checkout` — stay on your work branch
