ok  	github.com/steveyegge/beads	(cached)
ok  	github.com/steveyegge/beads/cmd/bd	19.045s
ok  	github.com/steveyegge/beads/cmd/bd/doctor	(cached)
ok  	github.com/steveyegge/beads/cmd/bd/doctor/fix	(cached)
ok  	github.com/steveyegge/beads/cmd/bd/setup	(cached)
ok  	github.com/steveyegge/beads/internal/audit	(cached)
ok  	github.com/steveyegge/beads/internal/autoimport	(cached)
ok  	github.com/steveyegge/beads/internal/beads	(cached)
ok  	github.com/steveyegge/beads/internal/compact	(cached)
ok  	github.com/steveyegge/beads/internal/config	0.030s
ok  	github.com/steveyegge/beads/internal/configfile	(cached)
ok  	github.com/steveyegge/beads/internal/daemon	(cached)
ok  	github.com/steveyegge/beads/internal/debug	(cached)
ok  	github.com/steveyegge/beads/internal/export	(cached)
ok  	github.com/steveyegge/beads/internal/git	(cached)
ok  	github.com/steveyegge/beads/internal/hooks	(cached)
ok  	github.com/steveyegge/beads/internal/idgen	(cached)
ok  	github.com/steveyegge/beads/internal/importer	1.326s
ok  	github.com/steveyegge/beads/internal/jsonlpub	(cached)
ok  	github.com/steveyegge/beads/internal/linear	(cached)
ok  	github.com/steveyegge/beads/internal/lockfile	(cached)
ok  	github.com/steveyegge/beads/internal/merge	(cached)
ok  	github.com/steveyegge/beads/internal/molecules	(cached)
ok  	github.com/steveyegge/beads/internal/routing	(cached)
ok  	github.com/steveyegge/beads/internal/rpc	3.719s
?   	github.com/steveyegge/beads/internal/storage	[no test files]
ok  	github.com/steveyegge/beads/internal/storage/memory	(cached)
ok  	github.com/steveyegge/beads/internal/storage/sqlite	(cached)
?   	github.com/steveyegge/beads/internal/storage/sqlite/migrations	[no test files]
ok  	github.com/steveyegge/beads/internal/syncbranch	(cached)
ok  	github.com/steveyegge/beads/internal/testutil	(cached)
?   	github.com/steveyegge/beads/internal/testutil/fixtures	[no test files]
ok  	github.com/steveyegge/beads/internal/types	(cached)
?   	github.com/steveyegge/beads/internal/ui	[no test files]
ok  	github.com/steveyegge/beads/internal/util	(cached)
ok  	github.com/steveyegge/beads/internal/utils	(cached)
ok  	github.com/steveyegge/beads/internal/validation	(cached)
step2 exit=0
