$ gofmt -l internal/config cmd/bd internal/importer
internal/config/config.go
cmd/bd/autoflush.go
cmd/bd/autoimport.go
cmd/bd/autoimport_test.go
cmd/bd/autostart_test.go
cmd/bd/cli_fast_test.go
cmd/bd/comments.go
cmd/bd/compact.go
cmd/bd/compact_test.go
cmd/bd/config.go
cmd/bd/create.go
cmd/bd/daemon.go
cmd/bd/daemon_autoimport_test.go
cmd/bd/daemon_autostart.go
cmd/bd/daemon_basics_test.go
cmd/bd/daemon_crash_test.go
cmd/bd/daemon_event_loop.go
cmd/bd/daemon_lifecycle.go
cmd/bd/daemon_lock.go
cmd/bd/daemon_lock_test.go
cmd/bd/daemon_lock_windows.go
cmd/bd/daemon_parent_test.go
cmd/bd/daemon_server.go
cmd/bd/daemon_sync.go
cmd/bd/daemon_sync_branch.go
cmd/bd/daemon_sync_branch_test.go
cmd/bd/daemon_test.go
cmd/bd/daemon_watcher.go
cmd/bd/daemons.go
cmd/bd/delete.go
cmd/bd/deletion_tracking_test.go
cmd/bd/dep.go
cmd/bd/dep_test.go
cmd/bd/detect_pollution.go
cmd/bd/doctor/fix/fix_test.go
cmd/bd/doctor/fix/hooks.go
cmd/bd/doctor/fix/repo_fingerprint.go
cmd/bd/doctor/gitignore.go
cmd/bd/doctor/gitignore_test.go
cmd/bd/doctor/legacy.go
cmd/bd/doctor/prefix_test.go
cmd/bd/doctor.go
cmd/bd/doctor_test.go
cmd/bd/duplicate.go
cmd/bd/duplicates.go
cmd/bd/epic.go
cmd/bd/export_integrity_integration_test.go
cmd/bd/export_staleness_test.go
cmd/bd/export_test.go
cmd/bd/external_ref_test.go
cmd/bd/flush_manager.go
cmd/bd/flush_manager_test.go
cmd/bd/git_sync_test.go
cmd/bd/graph.go
cmd/bd/graph_test.go
cmd/bd/helpers_test.go
cmd/bd/import.go
cmd/bd/import_bug_test.go
cmd/bd/import_idempotent_test.go
cmd/bd/import_multipart_id_test.go
cmd/bd/import_shared.go
cmd/bd/init_team.go
cmd/bd/jira.go
cmd/bd/jsonl_integrity_test.go
cmd/bd/label.go
cmd/bd/label_test.go
cmd/bd/list.go
cmd/bd/list_test.go
cmd/bd/main.go
cmd/bd/main_test.go
cmd/bd/markdown.go
cmd/bd/merge.go
cmd/bd/migrate.go
cmd/bd/migrate_hash_ids.go
cmd/bd/migrate_hash_ids_test.go
cmd/bd/mol_current.go
cmd/bd/mol_show.go
cmd/bd/pin.go
cmd/bd/quickstart.go
cmd/bd/ready.go
cmd/bd/rename_prefix.go
cmd/bd/rename_prefix_repair_test.go
cmd/bd/reopen.go
cmd/bd/reopen_test.go
cmd/bd/repair_deps_test.go
cmd/bd/reset.go
cmd/bd/scripttest_test.go
cmd/bd/search_test.go
cmd/bd/simple_helpers_test.go
cmd/bd/stale.go
cmd/bd/stale_test.go
cmd/bd/staleness.go
cmd/bd/status_test.go
cmd/bd/sync_local_only_test.go
cmd/bd/sync_merge_test.go
cmd/bd/test_helpers_test.go
cmd/bd/thanks.go
cmd/bd/tips.go
cmd/bd/tips_example_test.go
cmd/bd/version_tracking_test.go
cmd/bd/worktree.go
cmd/bd/worktree_daemon_test.go
internal/importer/importer_integration_test.go
internal/importer/importer_test.go
internal/importer/timestamp_test.go

count above: 105 files, all pre-existing at HEAD f73377305 (trailing whitespace), none touched by r5

$ gofmt -l on the files r5 changed:
(empty above = clean)
